// Jest Snapshot v1, https://goo.gl/fbAQLP

exports[`Card should match the snapshot 1`] = `
"<div className=\\"Card\\" style={{...}}>
  <div className=\\"screen\\">
    <span>
      title
    </span>
  </div>
</div>"
`;
